=== foo ===
1: atomid @1:1 name=foo
=== a.b.c ===
5: dottedpath @1:1
3: dottedpath @1:1
1: atomid @1:1 name=a
2: atomid @1:3 name=b
4: atomid @1:5 name=c
=== string ===
2: atomstring @1:1 parts=1
1: stringchunk @1:2 text=hello chunkKind=21
=== f x ===
4: call @1:1 args=1
1: atomid @1:1 name=f
3: namedoperation @1:3
  name=<none>
2: atomid @1:3 name=x
=== f x y ===
6: call @1:1 args=1
4: dottedpath @1:1
1: atomid @1:1 name=f
2: atomid @1:3 name=x
5: namedoperation @1:5
  name=<none>
3: atomid @1:5 name=y
=== f label: x ===
4: call @1:1 args=1
1: atomid @1:1 name=f
3: namedoperation @1:3
  name=label
2: atomid @1:10 name=x
=== f x label: y ===
6: call @1:1 args=2
1: atomid @1:1 name=f
3: namedoperation @1:3
  name=<none>
2: atomid @1:3 name=x
5: namedoperation @1:5
  name=label
4: atomid @1:12 name=y
=== a + b ===
6: call @1:1 args=1
4: dottedpath @1:1
1: atomid @1:1 name=a
2: atomid @1:3 name=+
5: namedoperation @1:5
  name=<none>
3: atomid @1:5 name=b
=== a + b + c ===
11: call @1:1 args=1
9: dottedpath @1:1
8: call @1:1 args=1
6: dottedpath @1:1
1: atomid @1:1 name=a
2: atomid @1:3 name=+
7: namedoperation @1:5
  name=<none>
3: atomid @1:5 name=b
4: atomid @1:7 name=+
10: namedoperation @1:9
  name=<none>
5: atomid @1:9 name=c
=== f a + b ===
9: call @1:1 args=1
1: atomid @1:1 name=f
8: namedoperation @1:3
  name=<none>
7: call @1:3 args=1
5: dottedpath @1:3
2: atomid @1:3 name=a
3: atomid @1:5 name=+
6: namedoperation @1:7
  name=<none>
4: atomid @1:7 name=b
=== a.b x ===
6: call @1:1 args=1
3: dottedpath @1:1
1: atomid @1:1 name=a
2: atomid @1:3 name=b
5: namedoperation @1:5
  name=<none>
4: atomid @1:5 name=x
=== a.b + c ===
8: call @1:1 args=1
6: dottedpath @1:1
3: dottedpath @1:1
1: atomid @1:1 name=a
2: atomid @1:3 name=b
4: atomid @1:5 name=+
7: namedoperation @1:7
  name=<none>
5: atomid @1:7 name=c
=== (a) ===
1: atomid @1:2 name=a
=== (a + b) ===
6: call @1:2 args=1
4: dottedpath @1:2
1: atomid @1:2 name=a
2: atomid @1:4 name=+
5: namedoperation @1:6
  name=<none>
3: atomid @1:6 name=b
=== (f x) ===
4: call @1:2 args=1
1: atomid @1:2 name=f
3: namedoperation @1:4
  name=<none>
2: atomid @1:4 name=x
=== block1 ===
4: doexpr @1:1
3: statement @1:1 statements=1
2: statementline @1:3
1: atomid @1:3 name=a
=== block2 ===
6: doexpr @1:1
5: statement @1:1 statements=2
2: statementline @1:3
1: atomid @1:3 name=a
4: statementline @1:6
3: atomid @1:6 name=b
=== blockbind ===
10: doexpr @1:1
9: statement @1:1 statements=1
8: statementline @1:3
7: assignment @1:3 name=x
6: call @1:6 args=1
4: dottedpath @1:6
1: atomid @1:6 name=a
2: atomid @1:8 name=+
5: namedoperation @1:10
  name=<none>
3: atomid @1:10 name=b
=== if1 ===
7: ifexpr @1:1 clauses=1
6: ifclause @1:4 conditions=1
2: namedoperation @1:4
  name=<none>
1: atomid @1:4 name=c
5: statement @1:11 statements=1
4: statementline @1:11
3: atomid @1:11 name=x
  elseclause:
  <none>
=== if2 ===
10: ifexpr @1:1 clauses=1
6: ifclause @1:4 conditions=1
2: namedoperation @1:4
  name=<none>
1: atomid @1:4 name=c
5: statement @1:11 statements=1
4: statementline @1:13
3: atomid @1:13 name=a
  elseclause:
9: statement @1:22 statements=1
8: statementline @1:24
7: atomid @1:24 name=b
=== if3 ===
12: ifexpr @1:1 clauses=1
8: ifclause @1:4 conditions=2
2: namedoperation @1:4
  name=<none>
1: atomid @1:4 name=a
4: namedoperation @1:11
  name=<none>
3: atomid @1:11 name=b
7: statement @1:18 statements=1
6: statementline @1:18
5: atomid @1:18 name=x
  elseclause:
11: statement @1:25 statements=1
10: statementline @1:25
9: atomid @1:25 name=y
=== match1 ===
7: caseexpr @1:1 clauses=1
1: atomid @1:7 name=x
6: caseclause @1:9 name=a
2: atomid @1:14 name=a
5: statement @1:21 statements=1
4: statementline @1:21
3: atomid @1:21 name=b
  elseclause:
  <none>
=== match2 ===
10: caseexpr @1:1 clauses=1
1: atomid @1:10 name=x
6: caseclause @1:12 name=a
2: atomid @1:17 name=a
5: statement @1:24 statements=1
4: statementline @1:26
3: atomid @1:26 name=p
  elseclause:
9: statement @1:35 statements=1
8: statementline @1:37
7: atomid @1:37 name=q
=== match3 ===
12: caseexpr @1:1 clauses=2
1: atomid @1:7 name=x
6: caseclause @1:9 name=a
2: atomid @1:14 name=a
5: statement @1:21 statements=1
4: statementline @1:21
3: atomid @1:21 name=p
11: caseclause @1:23 name=b
7: atomid @1:28 name=b
10: statement @1:35 statements=1
9: statementline @1:35
8: atomid @1:35 name=q
  elseclause:
  <none>
=== for1 ===
6: forexpr @1:1 conditions=1 postconditions=0
2: namedoperation @1:5
  name=<none>
1: atomid @1:5 name=ready
  body:
5: statement @1:16 statements=1
4: statementline @1:16
3: atomid @1:16 name=a
=== for2 ===
8: forexpr @1:1 conditions=2 postconditions=0
2: namedoperation @1:5
  name=i
1: atomid @1:8 name=items
4: namedoperation @1:20
  name=<none>
3: atomid @1:20 name=more
  body:
7: statement @1:30 statements=1
6: statementline @1:32
5: atomid @1:32 name=a
=== for3 ===
7: forexpr @1:1 conditions=1 postconditions=1
2: namedoperation @1:11
  name=<none>
1: atomid @1:11 name=c
  body:
5: statement @1:18 statements=1
4: statementline @1:18
3: atomid @1:18 name=a
6: atomid @1:26 name=d
=== with1 ===
3: withexpr @1:1 name=x
1: atomid @1:9 name=v
2: atomid @1:14 name=e
=== with2 ===
11: withexpr @1:1 name=y
6: call @1:9 args=1
4: dottedpath @1:9
1: atomid @1:9 name=a
2: atomid @1:11 name=+
5: namedoperation @1:13
  name=<none>
3: atomid @1:13 name=b
10: doexpr @1:18
9: statement @1:18 statements=1
8: statementline @1:20
7: atomid @1:20 name=c
=== data1 ===
7: datablock @1:1 elements=3
2: namedoperation @1:9
  name=lo
1: labelvalue @1:9 name=lo
4: namedoperation @1:12
  name=<none>
3: atomid @1:12 name=a
6: namedoperation @1:14
  name=<none>
5: atomid @1:14 name=b
  outType:
  <none>
=== data2 ===
6: datablock @1:1 elements=2
2: namedoperation @1:8
  name=x
1: atomid @1:11 name=1
4: namedoperation @1:13
  name=y
3: atomid @1:16 name=2
  outType:
5: atomid @1:24 name=u8
=== data3 ===
3: error @1:16 err=BADARGUMENT msg=Duplicate data member name
=== yield1 ===
4: call @1:1 args=1
1: atomid @1:1 name=yield
3: namedoperation @1:7
  name=<none>
2: atomid @1:7 name=x
=== yield2 ===
4: call @1:1 args=1
1: atomid @1:1 name=yield
3: namedoperation @1:7
  name=<none>
2: atomid @1:7 name=x
=== reassign1 ===
3: reassignment @1:1
1: atomid @1:1 name=a
2: atomid @1:5 name=b
=== reassign2 ===
10: reassignment @1:1
3: dottedpath @1:1
1: atomid @1:1 name=p
2: atomid @1:3 name=x
9: call @1:7 args=1
7: dottedpath @1:7
4: atomid @1:7 name=a
5: atomid @1:9 name=+
8: namedoperation @1:11
  name=<none>
6: atomid @1:11 name=b
=== swap1 ===
3: swapstmt @1:1
1: atomid @1:1 name=a
2: atomid @1:8 name=b
=== rsblock ===
6: doexpr @1:1
5: statement @1:1 statements=1
4: statementline @1:3
3: reassignment @1:3
1: atomid @1:3 name=a
2: atomid @1:7 name=b
=== func1 ===
3: functiondef @1:1 params=1 isNative=0
  returntype:
  <none>
2: namedoperation @1:12
  name=x
1: atomid @1:15 name=i64
  body:
  <none>
=== func2 ===
3: functiondef @1:1 params=1 isNative=0
  returntype:
  <none>
2: namedoperation @1:13
  name=T
1: labelvalue @1:13 name=T
  body:
  <none>
=== func3 ===
5: functiondef @1:1 params=0 isNative=0
  returntype:
1: atomid @1:14 name=i64
  body:
4: statement @1:21 statements=1
3: statementline @1:23
2: atomid @1:23 name=x
=== func4 ===
1: functiondef @1:1 params=0 isNative=1
  returntype:
  <none>
  body:
  <none>
=== func5 ===
7: functiondef @1:1 params=1 isNative=0
  returntype:
3: atomid @1:25 name=i64
2: namedoperation @1:12
  name=x
1: atomid @1:15 name=i64
  body:
6: statement @1:32 statements=1
5: statementline @1:34
4: atomid @1:34 name=x
=== func6 ===
3: error @1:19 err=BADPARAMETER msg=Duplicate parameter name
=== func7 ===
5: functiondef @1:1 params=1 isNative=0
  returntype:
  <none>
2: namedoperation @1:12
  name=x
1: atomid @1:15 name=t
  body:
  <none>
4: namedoperation @1:24
  name=t
3: atomid @1:27 name=i64
=== func8 ===
5: functiondef @1:1 params=0 isNative=0
  returntype:
  <none>
  body:
  <none>
2: namedoperation @1:16
  name=a
1: labelvalue @1:16 name=a
4: namedoperation @1:19
  name=b
3: labelvalue @1:19 name=b
=== func9 ===
1: functiondef @1:1 params=0 isNative=0
  returntype:
  <none>
  body:
  <none>
=== func10 ===
1: error @1:18 err=BADITEM msg=Inline type definition is not allowed here; define it at unit level and reference it by name
=== func11 ===
3: error @1:24 err=BADARGUMENT msg=Duplicate as
=== unit1 ===
5: unitdef @1:1 kind=NAMESPACE body=2
2: namedoperation @1:8
  name=x
1: atomid @1:11 name=5
4: namedoperation @1:13
  name=y
3: atomid @1:16 name=6
=== unit2 ===
5: unitdef @1:1 kind=NAMESPACE body=1
4: namedoperation @1:8
  name=inner
3: unitdef @1:15 kind=NAMESPACE body=1
2: namedoperation @1:22
  name=a
1: atomid @1:25 name=1
=== unit3 ===
9: unitdef @1:1 kind=NAMESPACE body=1
8: namedoperation @1:8
  name=greet
7: functiondef @1:15 params=1 isNative=0
  returntype:
3: atomid @1:39 name=i64
2: namedoperation @1:26
  name=x
1: atomid @1:29 name=i64
  body:
6: statement @1:46 statements=1
5: statementline @1:48
4: atomid @1:48 name=x
=== unit4 ===
1: unitdef @1:1 kind=NAMESPACE body=0
=== unit5 ===
3: error @1:13 err=DUPLICATEDEF msg=Duplicate definition
=== defop ===
6: call @1:1 args=1
4: dottedpath @1:1
1: atomid @1:1 name=a
2: atomid @1:3 name=+
5: namedoperation @1:5
  name=<none>
3: atomid @1:5 name=b
=== record1 ===
5: objectdef @1:1 kind=RECORD isItems=2 asItems=0 isNative=0
2: namedoperation @1:10
  name=x
1: atomid @1:13 name=i64
4: namedoperation @1:17
  name=y
3: atomid @1:20 name=i64
=== record2 ===
5: objectdef @1:1 kind=RECORD isItems=1 asItems=1 isNative=0
2: namedoperation @1:10
  name=x
1: atomid @1:13 name=i64
4: namedoperation @1:24
  name=m
3: atomid @1:27 name=measurable
=== class1 ===
1: objectdef @1:1 kind=CLASS isItems=0 asItems=0 isNative=1
=== class2 ===
1: objectdef @1:1 kind=CLASS isItems=0 asItems=0 isNative=1
=== variant1 ===
5: objectdef @1:1 kind=VARIANT isItems=2 asItems=0 isNative=0
2: namedoperation @1:11
  name=red
1: atomid @1:16 name=0
4: namedoperation @1:18
  name=green
3: atomid @1:25 name=1
=== union1 ===
5: objectdef @1:1 kind=UNION isItems=2 asItems=0 isNative=0
2: namedoperation @1:9
  name=a
1: atomid @1:12 name=i64
4: namedoperation @1:16
  name=b
3: atomid @1:19 name=i64
=== protocol1 ===
6: objectdef @1:1 kind=PROTOCOL isItems=1 asItems=0 isNative=0
5: namedoperation @1:12
  name=foo
4: functiondef @1:17 params=1 isNative=0
  returntype:
3: atomid @1:38 name=i64
2: namedoperation @1:28
  name=this
1: labelvalue @1:28 name=this
  body:
  <none>
=== facet1 ===
8: objectdef @1:1 kind=FACET isItems=1 asItems=0 isNative=0
7: namedoperation @1:9
  name=measure
6: functiondef @1:18 params=2 isNative=0
  returntype:
5: atomid @1:46 name=i64
2: namedoperation @1:29
  name=this
1: labelvalue @1:29 name=this
4: namedoperation @1:34
  name=b
3: atomid @1:37 name=i64
  body:
  <none>
=== reorder1 ===
5: objectdef @1:1 kind=CLASS isItems=1 asItems=1 isNative=0
4: namedoperation @1:26
  name=x
3: atomid @1:29 name=i64
2: namedoperation @1:12
  name=t
1: atomid @1:15 name=i64
=== generic1 ===
5: objectdef @1:1 kind=CLASS isItems=1 asItems=1 isNative=0
2: namedoperation @1:9
  name=v
1: atomid @1:12 name=t
4: namedoperation @1:21
  name=t
3: atomid @1:24 name=i64
=== err1 ===
3: error @1:20 err=BADARGUMENT msg=Expected open brace or native for item body
=== defif ===
7: ifexpr @1:1 clauses=1
6: ifclause @1:4 conditions=1
2: namedoperation @1:4
  name=<none>
1: atomid @1:4 name=c
5: statement @1:11 statements=1
4: statementline @1:11
3: atomid @1:11 name=x
  elseclause:
  <none>
=== defmatch ===
7: caseexpr @1:1 clauses=1
1: atomid @1:7 name=x
6: caseclause @1:9 name=a
2: atomid @1:14 name=a
5: statement @1:21 statements=1
4: statementline @1:21
3: atomid @1:21 name=b
  elseclause:
  <none>
=== defdata ===
4: datablock @1:1 elements=1
2: namedoperation @1:8
  name=x
1: atomid @1:11 name=1
  outType:
3: atomid @1:19 name=u8
=== interp ===
4: atomstring @1:1 parts=3
1: stringchunk @1:2 text=a chunkKind=21
2: atomid @1:5 name=x
3: stringchunk @1:7 text=b chunkKind=21
=== streol ===
7: atomstring @1:2 parts=3
2: stringchunk @2:5 text=abc chunkKind=21
3: stringchunk @2:8 text=
 chunkKind=5
4: stringchunk @3:5 text=def chunkKind=21
