=== children ===
memberCount point -> 3
hasMember point.x -> true
hasMember point.z -> false
childOf point.x -> 4
childOf point.label -> 5
childOf point.z -> none
  child 0 x -> 4
  child 1 y -> 4
  child 2 label -> 5
=== member metadata ===
isLockField point.y -> true
default point.x -> 
default point.y -> func makeY
default point.label -> arm none
ownership point.x -> TAKE
ownership point.y -> BORROW
ownership point.label -> none
=== generic args ===
genericArg List.of -> 5
hasGenericArgs List -> true
hasGenericArgs point -> false
=== node stamps ===
nodeType[100] -> 5
callKind[101] -> RECORD_CREATE
atomVariableId[103] -> 42
=== node tables ===
  const node=200 kind=IVAL ival=1024
=== aggregates ===
  conf id=0 impl=3 spec=6 label=drawable
isError -> false
