=== children ===
childCount point -> 3
hasChild point.x -> true
hasChild point.z -> false
childOf point.x -> 1
childOf point.label -> 2
childOf point.z -> none
  child 0 x -> 1
  child 1 y -> 1
  child 2 label -> 2
=== sidecars ===
isPrivate point.x -> true
isPrivate point.y -> false
isLockField point.y -> true
hasAnyLockField point -> true
isLockArm point.label -> true
default point.x -> 7
default point.y -> #function:makeY
default point.label -> #variant:none
ownership point.x -> TAKE
ownership point.y -> BORROW
ownership point.label -> none
=== generic args ===
genericArg List.of -> 2
hasGenericArgs List -> true
hasGenericArgs point -> false
=== node stamps ===
nodeType[100] -> 2
callKind[101] -> RECORD_CREATE
withOwnership[102] -> BORROWED
atomVariableId[103] -> 42
nodeLiteralBase[104] -> nondec
=== node tables ===
  const node=200 kind=IVAL ival=1024
  ifTaken node=300 name=tmp type=2
  ifTaken node=300 name=scratch type=none
  takenArms count=2
=== aggregates ===
  conf id=0 impl=0 spec=3 label=drawable
monoTypes count -> 1
isError -> false
