=== ERR ===
FILENOTFOUND
DUPLICATEDEF
BADUNITNAME
BADUNIT
BADFUNCTION
IOERROR
EXPECTEDDEF
EXPECTEDEXP
EXPECTEDOP
EXPECTEDTYPEDEF
EXPECTEDSTATEMENT
BADARGUMENT
BADARGUMENTBLOCK
BADEXPRESSION
BADOPERATION
BADSTRING
BADPATH
BADREFERENCE
BADCALL
BADPARAMETER
BADPARAMETERBLOCK
BADOBJECTBLOCK
BADITEM
BADTHEN
BADELSE
BADCASE
BADFOR
BADDATA
BADSTATEMENT
TYPEERROR
REFNOTFOUND
OWNERERROR
CALLERROR
GENERICERROR
COMPILERERROR
=== NodeType ===
UNIT
FUNCTION
PROTOCOL
RECORD
CLASS
UNION
VARIANT
ENUM
FACET
WITH
EXPRESSION
IF
IFCLAUSE
FOR
DO
CASE
CASECLAUSE
CALL
DATA
YIELD
NAMEDOPERATION
STATEMENT
STATEMENTLINE
ASSIGNMENT
REASSIGNMENT
SWAP
DOTTEDPATH
BINOP
TYPEOFEXPR
ATOMID
LABELVALUE
ATOMSTRING
STRINGCHUNK
ERROR
=== CallKind ===
UNKNOWN
REGULAR
RETURN
RECORD_CREATE
CLASS_CREATE
UNION_CREATE
PROTOCOL_CREATE
PROTOCOL_BORROW
FACET_CREATE
FACET_BORROW
TYPEDEF_CREATE
TYPEDEF_BORROW
CALLABLE
UNIT_INSTANTIATE
BOX_CREATE
BOX_PASSTHROUGH
BREAK
CONTINUE
ERROR
PANIC
=== Node ===
1: error @10:5 err=BADUNIT msg=bad unit
2: atomid @11:3 name=myvar
3: labelvalue @12:7 name=x
4: stringchunk @13:9 text=hello chunk_kind=0
