=== ztypetype ===
NULL
GENERIC_PARAM
UNIT
FUNCTION
RECORD
CLASS
VARIANT
UNION
ENUM
PROTOCOL
FACET
DATA
TAG
NEVER
=== zcontrolkind ===
NONE
RETURN
BREAK
CONTINUE
ERROR
PANIC
=== zbuiltinfunc ===
NONE
PARSE_F64
ENV_NAMES
=== zownership ===
OWNED
BORROWED
=== zlockstate ===
EXCLUSIVE
SHARED
=== zparamownership ===
TAKE
BORROW
LOCK
=== zscopekind ===
BLOCK
CALL
OVERLAY
=== zlockholderkind ===
VAR
CALL
FOR
=== zconstkind ===
NONE
IVAL
FVAL
SVAL
=== carriers ===
type id=0 typetype=RECORD hasType=true hasDtor=true
type id=1 typetype=CLASS tagGenOrigin=true
miss typetype=NULL hasType=false
var id=1 ztypeId=0 ownership=OWNED
entry id=0 name=x ztypeId=0 def=true taken=false
conf id=0 impl=0 spec=1 label=drawable facet=false
const kind=IVAL ival=1024
lockholder kind=VAR id=5
=== numericLiteralForm ===
numform 0 -> suffix=false base=dec
numform 42 -> suffix=false base=dec
numform 0xff -> suffix=false base=nondec
numform 0b1010 -> suffix=false base=nondec
numform 0o17 -> suffix=false base=nondec
numform 100u8 -> suffix=true base=dec
numform 42i128 -> suffix=true base=dec
numform 3.14 -> suffix=false base=float
numform 1e3 -> suffix=false base=float
numform 1.5f32 -> suffix=true base=float
=== mangleVar ===
mangleVar foo -> foo
mangleVar int -> v_int
mangleVar for -> v_for
mangleVar main -> v_main
mangleVar exit -> v_exit
=== mangleFunc ===
mangleFunc foo -> z_foo
mangleFunc main -> z_main
mangleFunc math.add -> z_math_add
mangleFunc a.b.c -> z_a_b_c
=== intFitsFloat ===
intFits 0 f32 -> true
intFits 16777216 f32 -> true
intFits 16777217 f32 -> false
intFits 9007199254740992 f64 -> true
intFits 9007199254740993 f64 -> false
intFits 5 i64 -> false
=== floatFitsFloat ===
floatFits 0.5 f32 -> true
floatFits 0.1 f32 -> false
floatFits 1.0 f64 -> true
floatFits 1.0 f128 -> false
floatFits 2.5 f32 -> true
=== parseNumber ===
parse 0 -> kind=i64 float=false ival=0 err=
parse 42 -> kind=i64 float=false ival=42 err=
parse 255 -> kind=i64 float=false ival=255 err=
parse 256 -> kind=i64 float=false ival=256 err=
parse 0xff -> kind=i64 float=false ival=255 err=
parse 0b1010 -> kind=i64 float=false ival=10 err=
parse 0o17 -> kind=i64 float=false ival=15 err=
parse 100u8 -> kind=u8 float=false ival=100 err=
parse 256u8 -> kind=u8 float=false ival=256 err=Value 256 out of range for u8 (0..255)
parse 200i8 -> kind=i8 float=false ival=200 err=Value 200 out of range for i8 (-128..127)
parse 42i128 -> kind=i128 float=false ival=42 err=
parse 0cA -> kind=c32 float=false ival=65 err=
parse 0cAB -> kind=c32 float=false ival=0 err=Character literal must be exactly one character: 0cAB
parse 1.5 -> kind=f64 float=true ival=0 err=
parse 1e3 -> kind=i64 float=false ival=0 err=Invalid numeric literal: 1e3
parse 0xZZ -> kind=i64 float=false ival=0 err=Invalid numeric literal: 0xZZ
=== parseLiteralValue ===
litval 42 -> ok=true float=false ival=42
litval 256u8 -> ok=true float=false ival=256
litval 1.5 -> ok=true float=true ival=0
litval 1e3 -> ok=false float=false ival=0
litval 0xZZ -> ok=false float=false ival=0
