=== words @80 ===
foo bar
--
=== words @5 ===
foo
bar
--
=== unicode @11 ===
héllo wörld
--
=== unicode @10 ===
héllo
wörld
--
=== softline @80 ===
ab
--
=== parens @80 ===
(a b)
--
=== parens @4 ===
(
    a
    b
)
--
=== nested @80 ===
f(g(x y) z)
--
=== nested @10 ===
f(
    g(x y)
    z
)
--
=== ifbreak @80 ===
aaa bbb
--
=== ifbreak @6 ===
(
    aaa
    bbb
)
--
=== suffix @80 ===
x: 1  # one
y: 2
--
=== blank @80 ===
a

    b
--
=== fill @20 ===
1 2 3 4 5 6 7 8 9 10
11 12
--
=== fill @80 ===
1 2 3 4 5 6 7 8 9 10 11 12
--
=== best @60 ===
function {a: i64 b: i64} out i64 is { # tail
--
=== best @40 ===
function {
    a: i64 b: i64
} out i64 is { # tail
--
=== best @34 ===
function {
    a: i64 b: i64
} out i64 is { # tail
--
=== best @12 ===
function {
    a: i64
    b: i64
} out i64 is { # tail
--
=== verbatim @80 ===

    s: """
        abc

            deep
        """
--
=== verbatim-shift @80 ===

        s: """
            abc

                deep
            """
--
=== verbatim-unshift @80 ===
s: """
    abc

        deep
    """
--
