program @1:1 units=4 mainUnitName=main
namedoperation
  name=core
unitdef @1:1 body=1
namedoperation
  name=base
atomid @1:7 name=0
namedoperation
  name=main
unitdef @1:1 body=1
namedoperation
  name=start
atomid @1:8 name=a
namedoperation
  name=a
unitdef @1:1 body=1
namedoperation
  name=link
atomid @1:7 name=b
namedoperation
  name=b
unitdef @1:1 body=1
namedoperation
  name=leaf
atomid @1:7 name=base
