program @1:1 units=2 mainUnitName=main
namedoperation
  name=core
unitdef @1:1 body=1
namedoperation
  name=base
atomid @1:7 name=0
namedoperation
  name=main
unitdef @1:1 body=2
namedoperation
  name=go
atomid @1:5 name=greet
namedoperation
  name=greet
unitdef @1:1 body=1
namedoperation
  name=hello
atomid @1:8 name=base
