=== children ===
memberCount point -> 3
hasMember point.x -> true
hasMember point.z -> false
childOf point.x -> 4
childOf point.label -> 5
childOf point.z -> none
  child 0 x -> 4
  child 1 y -> 4
  child 2 label -> 5
=== member metadata ===
isLockField point.y -> true
default point.x -> 
default point.y -> func makeY
default point.label -> arm none
ownership point.x -> TAKE
ownership point.y -> BORROW
ownership point.label -> none
=== node stamps ===
nodeType[100] -> 5
callKind[101] -> RECORD_CREATE
atomVariableId[103] -> 42
=== node tables ===
  const node=200 kind=IVAL ival=1024 armName=0
  const node=201 kind=ARM ival=0 armName=70
  memberConst[point.#9] kind=SVAL strId=4
  memberConst[point.#10] kind=NONE
=== aggregates ===
  conf id=0 impl=3 spec=6 label=drawable
isError -> false
=== declChildWalk both ways ===
  bothways declared agree rows=3 sum=22
  bothways declared-members agree rows=3 sum=22
  bothways pended agree rows=1 sum=11
  bothways pended-members agree rows=1 sum=11
