=== ztypetype ===
NULL
GENERIC_PARAM
UNIT
FUNCTION
RECORD
CLASS
VARIANT
UNION
PROTOCOL
FACET
DATA
TAG
NEVER
=== zcontrolkind ===
NONE
RETURN
BREAK
CONTINUE
ERROR
PANIC
=== zownership ===
OWNED
BORROWED
=== zlockstate ===
EXCLUSIVE
SHARED
=== zparamownership ===
TAKE
BORROW
VIEW
=== zconstkind ===
NONE
IVAL
FVAL
SVAL
ARM
=== carriers ===
type id=4 typetype=RECORD hasType=true hasDtor=true
type id=5 typetype=CLASS tagGenOrigin=true
miss typetype=NULL hasType=false
var id=1 ztypeId=4 ownership=OWNED
entry id=1 ztypeId=4 taken=false
conf impl=4 spec=5 label=drawable facet=false
const kind=IVAL ival=1024
const kind=SVAL strId=3
const kind=ARM armTid=12 armName=5
lockholder var=5
=== parseNumber ===
parse 0 -> kind=i64 float=false ival=0 err=
parse 42 -> kind=i64 float=false ival=42 err=
parse 255 -> kind=i64 float=false ival=255 err=
parse 256 -> kind=i64 float=false ival=256 err=
parse 0xff -> kind=i64 float=false ival=255 err=
parse 0b1010 -> kind=i64 float=false ival=10 err=
parse 0o17 -> kind=i64 float=false ival=15 err=
parse 100u8 -> kind=i64 float=false ival=0 err=Invalid numeric literal: 100u8
parse 256u8 -> kind=i64 float=false ival=0 err=Invalid numeric literal: 256u8
parse 200i8 -> kind=i64 float=false ival=0 err=Invalid numeric literal: 200i8
parse 42i128 -> kind=i64 float=false ival=0 err=Invalid numeric literal: 42i128
parse 0cA -> kind=c32 float=false ival=65 err=
parse 0cAB -> kind=c32 float=false ival=0 err=Character literal must be exactly one character: 0cAB
parse 0c8 -> kind=c32 float=false ival=56 err=
parse 0c -> kind=c32 float=false ival=0 err=Character literal must be exactly one character: 0c
parse 0x1f32 -> kind=i64 float=false ival=7986 err=
parse 1.5 -> kind=f64 float=true ival=0 err=
parse 1e3 -> kind=f64 float=true ival=0 err=
parse 0xZZ -> kind=i64 float=false ival=0 err=Invalid numeric literal: 0xZZ
=== parseLiteralValue ===
litval 42 -> ok=true float=false ival=42
litval 256u8 -> ok=false float=false ival=0
litval 1.5 -> ok=true float=true ival=0
litval 1e3 -> ok=true float=true ival=0
litval 0xZZ -> ok=false float=false ival=0
