=== scopes ===
push func -> frame=1 open=1
=== lookup ===
lookup x -> 7
lookup y -> 8
lookup MyType -> 3
lookup z -> none
varId x -> 1
varId MyType -> none
=== live owned vars ===
live has x -> true
live has y -> false
=== locks ===
lock x EXCLUSIVE -> ok
lock x SHARED -> Cannot take shared lock on 'x': already has exclusive lock held by 'x'
isPathLocked x -> true
isPathLocked y -> false
exclusive holder of x -> x
isPathLocked x after release -> false
findLock x after release -> none
=== invalidate ===
invalidate y -> true
lookup y -> none
taken y at line -> 12
taken y relocated -> 99
after clearTaken:
lookup y -> 8
=== narrowing ===
lookup r -> 4
subtype r -> ok
after reset subtype r -> 
lookup r -> 3
=== exclude ===
subtype r (excl ok) -> 
isExcluded r.ok -> true
isExcluded r.err -> false
subtype r (excl ok,none) -> err
unreachable -> false
unreachable after excl all -> true
=== all names ===
  name x
  name y
  name MyType
  name r
=== frames + pop ===
push inner -> frame=6 open=2
after pop open=1
after pop open=0
  frame=1 parent=0 label=func locals=4
  frame=6 parent=1 label=inner locals=0
  row scope=1 pos=0 name=5 def=true taken=false
  row scope=1 pos=1 name=6 def=true taken=false
  row scope=1 pos=2 name=7 def=true taken=false
  row scope=1 pos=3 name=8 def=true taken=false
  row scope=1 pos=4 name=8 def=false taken=false
  row scope=1 pos=5 name=8 def=false taken=false
  row scope=1 pos=6 name=8 def=false taken=false
  row scope=1 pos=7 name=8 def=false taken=false
