=== scopes ===
push func -> scopeId=0 depth=1
=== lookup ===
lookup x -> 4
lookup y -> 5
lookup MyType -> 0
lookup z -> none
varId x -> 1
varId MyType -> none
=== live owned vars ===
live has x -> true
live has y -> false
=== locks ===
lock x EXCLUSIVE -> ok
lock x SHARED -> Cannot take shared lock on 'x': already has exclusive lock held by 'x'
isPathLocked x -> true
isPathLocked y -> false
exclusive holder of x -> x
isPathLocked x after release -> false
findLock x after release -> none
=== invalidate ===
invalidate y -> true
lookup y -> none
taken y at line -> 12
taken y relocated -> 99
after clearTaken:
lookup y -> 5
=== narrowing ===
lookup r -> 1
subtype r -> ok
after reset subtype r -> 
lookup r -> 0
=== exclude ===
subtype r (excl ok) -> 
isExcluded r.ok -> true
isExcluded r.err -> false
subtype r (excl ok,none) -> err
unreachable -> false
unreachable after excl all -> true
=== all names ===
  name x
  name y
  name MyType
  name r
=== scope log + pop ===
push inner -> scopeId=1 depth=2
after pop depth=1
after pop depth=0
  log scope=0 parent=none kind=BLOCK name=func opened=0 closed=3
  log scope=1 parent=0 kind=BLOCK name=inner opened=1 closed=2
