=== foo ===
1: atomid @1:1 name=foo
=== a.b.c ===
5: dottedpath @1:1
3: dottedpath @1:1
1: atomid @1:1 name=a
2: atomid @1:3 name=b
4: atomid @1:5 name=c
=== string ===
2: atomstring @1:1 parts=1
1: stringchunk @1:2 text=hello chunkKind=21
=== f x ===
4: call @1:1 args=1
1: atomid @1:1 name=f
3: namedoperation @1:3
  name=<none>
2: atomid @1:3 name=x
=== f x y ===
4: binop @1:1
1: atomid @1:1 name=f
2: atomid @1:3 name=x
3: atomid @1:5 name=y
=== f label: x ===
4: call @1:1 args=1
1: atomid @1:1 name=f
3: namedoperation @1:3
  name=label
2: atomid @1:10 name=x
=== f x label: y ===
6: call @1:1 args=2
1: atomid @1:1 name=f
3: namedoperation @1:3
  name=<none>
2: atomid @1:3 name=x
5: namedoperation @1:5
  name=label
4: atomid @1:12 name=y
=== a + b ===
4: binop @1:1
1: atomid @1:1 name=a
2: atomid @1:3 name=+
3: atomid @1:5 name=b
=== a + b + c ===
7: binop @1:1
6: binop @1:1
1: atomid @1:1 name=a
2: atomid @1:3 name=+
3: atomid @1:5 name=b
4: atomid @1:7 name=+
5: atomid @1:9 name=c
=== f a + b ===
7: call @1:1 args=1
1: atomid @1:1 name=f
6: namedoperation @1:3
  name=<none>
5: binop @1:3
2: atomid @1:3 name=a
3: atomid @1:5 name=+
4: atomid @1:7 name=b
=== a.b x ===
6: call @1:1 args=1
3: dottedpath @1:1
1: atomid @1:1 name=a
2: atomid @1:3 name=b
5: namedoperation @1:5
  name=<none>
4: atomid @1:5 name=x
=== a.b + c ===
6: binop @1:1
3: dottedpath @1:1
1: atomid @1:1 name=a
2: atomid @1:3 name=b
4: atomid @1:5 name=+
5: atomid @1:7 name=c
=== (a) ===
2: expression @1:2
1: atomid @1:2 name=a
=== (a + b) ===
5: expression @1:2
4: binop @1:2
1: atomid @1:2 name=a
2: atomid @1:4 name=+
3: atomid @1:6 name=b
=== (f x) ===
5: expression @1:2
4: call @1:2 args=1
1: atomid @1:2 name=f
3: namedoperation @1:4
  name=<none>
2: atomid @1:4 name=x
